// Jest Snapshot v1, https://goo.gl/fbAQLP

exports[`expect to render modal component 1`] = `ShallowWrapper {}`;
