// Jest Snapshot v1, https://goo.gl/fbAQLP

exports[`expect to render logo component 1`] = `ShallowWrapper {}`;
